[0;32m[DEPLOY][0m Pushing to trey@192.168.12.228:/volume1/docker/sports-harness
[0;32m[DEPLOY][0m build 3ca32dd 2026-09-10T12:12:07Z
[0;32m[DEPLOY][0m Building image and starting postgres + the backup sidecar...
#0 building with "default" instance using docker driver

#1 [app-run internal] load build definition from Dockerfile
#1 DONE 0.0s

#2 [app-serve internal] load build definition from Dockerfile
#2 transferring dockerfile: 54B
#2 ...

#3 [app-ws internal] load build definition from Dockerfile
#3 transferring dockerfile: 1.12kB 0.1s done
#3 DONE 0.3s

#1 [app-run internal] load build definition from Dockerfile
#1 transferring dockerfile: 1.12kB 0.1s done
#1 DONE 0.2s

#2 [app-serve internal] load build definition from Dockerfile
#2 transferring dockerfile: 1.12kB 0.2s done
#2 DONE 0.4s

#4 [app-exec internal] load build definition from Dockerfile
#4 transferring dockerfile: 1.12kB 0.1s done
#4 DONE 0.4s

#5 [app-ws internal] load metadata for docker.io/library/python:3.12-slim
#5 DONE 1.2s

#6 [app-run internal] load .dockerignore
#6 transferring context: 101B done
#6 DONE 0.1s

#7 [app-ws internal] load .dockerignore
#7 transferring context: 101B done
#7 ...

#8 [app-run 1/9] FROM docker.io/library/python:3.12-slim@sha256:78387bc3881b8273120a12ebe6c1ab22b018ccc2c9adf565ae1ac9b536e184ea
#8 DONE 0.0s

#9 [app-run internal] load build context
#9 DONE 0.0s

#7 [app-ws internal] load .dockerignore
#7 DONE 0.3s

#10 [app-exec internal] load .dockerignore
#10 transferring context: 101B 0.1s done
#10 DONE 0.4s

#8 [app-ws 1/9] FROM docker.io/library/python:3.12-slim@sha256:78387bc3881b8273120a12ebe6c1ab22b018ccc2c9adf565ae1ac9b536e184ea
#8 DONE 0.0s

#9 [app-run internal] load build context
#9 ...

#8 [app-exec 1/9] FROM docker.io/library/python:3.12-slim@sha256:78387bc3881b8273120a12ebe6c1ab22b018ccc2c9adf565ae1ac9b536e184ea
#8 DONE 0.0s

#11 [app-serve internal] load .dockerignore
#11 transferring context: 101B 0.4s done
#11 DONE 0.6s

#9 [app-run internal] load build context
#9 ...

#8 [app-serve 1/9] FROM docker.io/library/python:3.12-slim@sha256:78387bc3881b8273120a12ebe6c1ab22b018ccc2c9adf565ae1ac9b536e184ea
#8 DONE 0.0s

#12 [app-serve internal] load build context
#12 transferring context: 291.06kB 0.3s done
#12 DONE 0.6s

#13 [app-exec internal] load build context
#13 transferring context: 119.70kB 0.5s done
#13 DONE 0.7s

#14 [app-ws internal] load build context
#14 transferring context: 119.70kB 0.5s done
#14 DONE 0.8s

#9 [app-run internal] load build context
#9 transferring context: 119.70kB 0.6s done
#9 DONE 0.9s

#15 [app-exec 4/9] COPY pyproject.toml ./
#15 CACHED

#16 [app-serve 5/9] COPY constraints.txt ./
#16 CACHED

#17 [app-run 4/9] COPY pyproject.toml ./
#17 CACHED

#18 [app-run 5/9] COPY constraints.txt ./
#18 CACHED

#19 [app-run 2/9] RUN apt-get update && apt-get install -y --no-install-recommends tzdata && rm -rf /var/lib/apt/lists/*
#19 CACHED

#20 [app-run 3/9] WORKDIR /app
#20 CACHED

#21 [app-serve 6/9] COPY harness ./harness
#21 ...

#22 [app-run 6/9] COPY harness ./harness
#22 DONE 2.1s

#21 [app-ws 6/9] COPY harness ./harness
#21 DONE 2.2s

#23 [app-serve 7/9] COPY alembic.ini ./
#23 DONE 0.3s

#24 [app-run 7/9] COPY alembic.ini ./
#24 DONE 0.2s

#25 [app-run 8/9] COPY migrations ./migrations
#25 DONE 0.1s

#26 [app-exec 8/9] COPY migrations ./migrations
#26 DONE 0.3s

#27 [app-exec 9/9] RUN pip install -c constraints.txt .
#27 6.560 Processing /app
#27 6.588   Installing build dependencies: started
#27 8.737   Installing build dependencies: finished with status 'done'
#27 8.738   Getting requirements to build wheel: started
#27 9.350   Getting requirements to build wheel: finished with status 'done'
#27 9.351   Preparing metadata (pyproject.toml): started
#27 9.512   Preparing metadata (pyproject.toml): finished with status 'done'
#27 9.686 Collecting httpx>=0.27 (from harness==0.0.1)
#27 9.826   Downloading httpx-0.28.1-py3-none-any.whl.metadata (7.1 kB)
#27 ...

#28 [app-run 9/9] RUN pip install -c constraints.txt .
#28 6.437 Processing /app
#28 6.460   Installing build dependencies: started
#28 8.621   Installing build dependencies: finished with status 'done'
#28 8.621   Getting requirements to build wheel: started
#28 9.160   Getting requirements to build wheel: finished with status 'done'
#28 9.162   Preparing metadata (pyproject.toml): started
#28 9.333   Preparing metadata (pyproject.toml): finished with status 'done'
#28 9.487 Collecting httpx>=0.27 (from harness==0.0.1)
#28 9.648   Downloading httpx-0.28.1-py3-none-any.whl.metadata (7.1 kB)
#28 10.03 Collecting sqlalchemy>=2.0 (from harness==0.0.1)
#28 10.07   Downloading sqlalchemy-2.0.52-cp312-cp312-manylinux2014_x86_64.manylinux_2_17_x86_64.manylinux_2_28_x86_64.whl.metadata (9.6 kB)
#28 10.14 Collecting psycopg>=3.1 (from psycopg[binary]>=3.1->harness==0.0.1)
#28 ...

#27 [app-exec 9/9] RUN pip install -c constraints.txt .
#27 10.19 Collecting sqlalchemy>=2.0 (from harness==0.0.1)
#27 10.22   Downloading sqlalchemy-2.0.52-cp312-cp312-manylinux2014_x86_64.manylinux_2_17_x86_64.manylinux_2_28_x86_64.whl.metadata (9.6 kB)
#27 10.29 Collecting psycopg>=3.1 (from psycopg[binary]>=3.1->harness==0.0.1)
#27 10.34   Downloading psycopg-3.3.5-py3-none-any.whl.metadata (4.3 kB)
#27 10.48 Collecting pydantic>=2.7 (from harness==0.0.1)
#27 10.52   Downloading pydantic-2.13.5-py3-none-any.whl.metadata (110 kB)
#27 10.64 Collecting pydantic-settings>=2.3 (from harness==0.0.1)
#27 10.69   Downloading pydantic_settings-2.15.0-py3-none-any.whl.metadata (3.9 kB)
#27 10.74 Collecting apscheduler<4,>=3.10 (from harness==0.0.1)
#27 10.79   Downloading apscheduler-3.11.3-py3-none-any.whl.metadata (6.5 kB)
#27 10.87 Collecting fastapi>=0.111 (from harness==0.0.1)
#27 10.91   Downloading fastapi-0.141.1-py3-none-any.whl.metadata (27 kB)
#27 10.97 Collecting uvicorn>=0.30 (from harness==0.0.1)
#27 11.01   Downloading uvicorn-0.52.4-py3-none-any.whl.metadata (6.6 kB)
#27 11.06 Collecting python-json-logger>=2.0 (from harness==0.0.1)
#27 11.09   Downloading python_json_logger-4.2.0-py3-none-any.whl.metadata (2.9 kB)
#27 11.15 Collecting typer>=0.12 (from harness==0.0.1)
#27 11.19   Downloading typer-0.27.2-py3-none-any.whl.metadata (16 kB)
#27 11.25 Collecting pyyaml>=6 (from harness==0.0.1)
#27 11.29   Downloading pyyaml-6.0.3-cp312-cp312-manylinux2014_x86_64.manylinux_2_17_x86_64.manylinux_2_28_x86_64.whl.metadata (2.4 kB)
#27 11.46 Collecting cryptography>=42 (from harness==0.0.1)
#27 11.49   Downloading cryptography-50.0.1-cp311-abi3-manylinux_2_34_x86_64.whl.metadata (4.3 kB)
#27 11.55 Collecting alembic>=1.16 (from harness==0.0.1)
#27 11.60   Downloading alembic-1.19.2-py3-none-any.whl.metadata (7.3 kB)
#27 11.66 Collecting websocket-client>=1.8 (from harness==0.0.1)
#27 11.70   Downloading websocket_client-1.9.2-py3-none-any.whl.metadata (8.3 kB)
#27 11.78 Collecting jinja2>=3.1 (from harness==0.0.1)
#27 11.81   Downloading jinja2-3.1.6-py3-none-any.whl.metadata (2.9 kB)
#27 11.86 Collecting python-multipart (from harness==0.0.1)
#27 11.89   Downloading python_multipart-0.0.32-py3-none-any.whl.metadata (2.1 kB)
#27 11.95 Collecting Mako (from alembic>=1.16->harness==0.0.1)
#27 11.99   Downloading mako-1.4.1-py3-none-any.whl.metadata (2.9 kB)
#27 12.05 Collecting typing-extensions>=4.12 (from alembic>=1.16->harness==0.0.1)
#27 12.08   Downloading typing_extensions-4.16.0-py3-none-any.whl.metadata (3.3 kB)
#27 12.13 Collecting tzlocal>=3.0 (from apscheduler<4,>=3.10->harness==0.0.1)
#27 12.17   Downloading tzlocal-5.4.4-py3-none-any.whl.metadata (7.7 kB)
#27 12.32 Collecting cffi>=2.0.0 (from cryptography>=42->harness==0.0.1)
#27 12.35   Downloading cffi-2.1.1-cp312-cp312-manylinux2014_x86_64.manylinux_2_17_x86_64.whl.metadata (2.5 kB)
#27 12.44 Collecting starlette>=0.46.0 (from fastapi>=0.111->harness==0.0.1)
#27 12.47   Downloading starlette-1.6.0-py3-none-any.whl.metadata (6.4 kB)
#27 12.53 Collecting typing-inspection>=0.4.2 (from fastapi>=0.111->harness==0.0.1)
#27 12.56   Downloading typing_inspection-0.4.4-py3-none-any.whl.metadata (2.6 kB)
#27 12.61 Collecting annotated-doc>=0.0.2 (from fastapi>=0.111->harness==0.0.1)
#27 12.65   Downloading annotated_doc-0.0.5-py3-none-any.whl.metadata (6.5 kB)
#27 12.71 Collecting anyio (from httpx>=0.27->harness==0.0.1)
#27 12.75   Downloading anyio-4.15.1-py3-none-any.whl.metadata (4.7 kB)
#27 12.82 Collecting certifi (from httpx>=0.27->harness==0.0.1)
#27 12.87   Downloading certifi-2026.7.22-py3-none-any.whl.metadata (2.5 kB)
#27 12.92 Collecting httpcore==1.* (from httpx>=0.27->harness==0.0.1)
#27 12.95   Downloading httpcore-1.0.9-py3-none-any.whl.metadata (21 kB)
#27 13.00 Collecting idna (from httpx>=0.27->harness==0.0.1)
#27 13.03   Downloading idna-3.19-py3-none-any.whl.metadata (9.2 kB)
#27 13.08 Collecting h11>=0.16 (from httpcore==1.*->httpx>=0.27->harness==0.0.1)
#27 13.12   Downloading h11-0.16.0-py3-none-any.whl.metadata (8.3 kB)
#27 13.20 Collecting MarkupSafe>=2.0 (from jinja2>=3.1->harness==0.0.1)
#27 13.23   Downloading markupsafe-3.0.3-cp312-cp312-manylinux2014_x86_64.manylinux_2_17_x86_64.manylinux_2_28_x86_64.whl.metadata (2.7 kB)
#27 13.39 Collecting psycopg-binary==3.3.5 (from psycopg[binary]>=3.1->harness==0.0.1)
#27 13.43   Downloading psycopg_binary-3.3.5-cp312-cp312-manylinux2014_x86_64.manylinux_2_17_x86_64.whl.metadata (2.7 kB)
#27 13.48 Collecting annotated-types>=0.6.0 (from pydantic>=2.7->harness==0.0.1)
#27 13.51   Downloading annotated_types-0.8.0-py3-none-any.whl.metadata (15 kB)
#27 14.06 Collecting pydantic-core==2.46.5 (from pydantic>=2.7->harness==0.0.1)
#27 14.11   Downloading pydantic_core-2.46.5-cp312-cp312-manylinux_2_17_x86_64.manylinux2014_x86_64.whl.metadata (6.6 kB)
#27 14.17 Collecting python-dotenv>=0.21.0 (from pydantic-settings>=2.3->harness==0.0.1)
#27 14.20   Downloading python_dotenv-1.2.3-py3-none-any.whl.metadata (29 kB)
#27 14.37 Collecting greenlet>=1 (from sqlalchemy>=2.0->harness==0.0.1)
#27 14.48   Downloading greenlet-3.5.5-cp312-cp312-manylinux_2_24_x86_64.manylinux_2_28_x86_64.whl.metadata (3.8 kB)
#27 14.53 Collecting shellingham>=1.3.0 (from typer>=0.12->harness==0.0.1)
#27 14.57   Downloading shellingham-1.5.4-py2.py3-none-any.whl.metadata (3.5 kB)
#27 14.63 Collecting rich>=13.8.0 (from typer>=0.12->harness==0.0.1)
#27 14.67   Downloading rich-15.0.0-py3-none-any.whl.metadata (18 kB)
#27 14.72 Collecting click>=7.0 (from uvicorn>=0.30->harness==0.0.1)
#27 14.76   Downloading click-8.5.0-py3-none-any.whl.metadata (2.6 kB)
#27 14.81 Collecting pycparser (from cffi>=2.0.0->cryptography>=42->harness==0.0.1)
#27 14.85   Downloading pycparser-3.0-py3-none-any.whl.metadata (8.2 kB)
#27 14.90 Collecting markdown-it-py>=2.2.0 (from rich>=13.8.0->typer>=0.12->harness==0.0.1)
#27 14.93   Downloading markdown_it_py-4.2.0-py3-none-any.whl.metadata (7.4 kB)
#27 14.98 Collecting pygments<3.0.0,>=2.13.0 (from rich>=13.8.0->typer>=0.12->harness==0.0.1)
#27 15.01   Downloading pygments-2.21.0-py3-none-any.whl.metadata (2.5 kB)
#27 15.08 Collecting mdurl~=0.1 (from markdown-it-py>=2.2.0->rich>=13.8.0->typer>=0.12->harness==0.0.1)
#27 15.12   Downloading mdurl-0.1.2-py3-none-any.whl.metadata (1.6 kB)
#27 15.16 Downloading alembic-1.19.2-py3-none-any.whl (267 kB)
#27 15.23 Downloading apscheduler-3.11.3-py3-none-any.whl (66 kB)
#27 15.27 Downloading cryptography-50.0.1-cp311-abi3-manylinux_2_34_x86_64.whl (4.7 MB)
#27 15.46    ━━━━━━━━━━━━━━━━━━━━━━━━━━━━━━━━━━━━━━━━ 4.7/4.7 MB 26.4 MB/s eta 0:00:00
#27 15.49 Downloading fastapi-0.141.1-py3-none-any.whl (131 kB)
#27 15.53 Downloading httpx-0.28.1-py3-none-any.whl (73 kB)
#27 15.57 Downloading httpcore-1.0.9-py3-none-any.whl (78 kB)
#27 15.61 Downloading jinja2-3.1.6-py3-none-any.whl (134 kB)
#27 15.66 Downloading psycopg-3.3.5-py3-none-any.whl (213 kB)
#27 15.70 Downloading psycopg_binary-3.3.5-cp312-cp312-manylinux2014_x86_64.manylinux_2_17_x86_64.whl (5.2 MB)
#27 15.87    ━━━━━━━━━━━━━━━━━━━━━━━━━━━━━━━━━━━━━━━━ 5.2/5.2 MB 29.7 MB/s eta 0:00:00
#27 15.91 Downloading pydantic-2.13.5-py3-none-any.whl (472 kB)
#27 15.96 Downloading pydantic_core-2.46.5-cp312-cp312-manylinux_2_17_x86_64.manylinux2014_x86_64.whl (2.1 MB)
#27 16.01    ━━━━━━━━━━━━━━━━━━━━━━━━━━━━━━━━━━━━━━━━ 2.1/2.1 MB 44.8 MB/s eta 0:00:00
#27 16.05 Downloading pydantic_settings-2.15.0-py3-none-any.whl (69 kB)
#27 16.09 Downloading python_json_logger-4.2.0-py3-none-any.whl (14 kB)
#27 16.14 Downloading pyyaml-6.0.3-cp312-cp312-manylinux2014_x86_64.manylinux_2_17_x86_64.manylinux_2_28_x86_64.whl (807 kB)
#27 16.17    ━━━━━━━━━━━━━━━━━━━━━━━━━━━━━━━━━━━━━━━━ 807.9/807.9 kB 62.4 MB/s eta 0:00:00
#27 16.20 Downloading sqlalchemy-2.0.52-cp312-cp312-manylinux2014_x86_64.manylinux_2_17_x86_64.manylinux_2_28_x86_64.whl (3.4 MB)
#27 16.29    ━━━━━━━━━━━━━━━━━━━━━━━━━━━━━━━━━━━━━━━━ 3.4/3.4 MB 43.6 MB/s eta 0:00:00
#27 16.32 Downloading typer-0.27.2-py3-none-any.whl (123 kB)
#27 16.37 Downloading uvicorn-0.52.4-py3-none-any.whl (79 kB)
#27 16.40 Downloading websocket_client-1.9.2-py3-none-any.whl (95 kB)
#27 16.44 Downloading python_multipart-0.0.32-py3-none-any.whl (30 kB)
#27 16.50 Downloading annotated_doc-0.0.5-py3-none-any.whl (5.3 kB)
#27 16.56 Downloading annotated_types-0.8.0-py3-none-any.whl (13 kB)
#27 16.59 Downloading cffi-2.1.1-cp312-cp312-manylinux2014_x86_64.manylinux_2_17_x86_64.whl (221 kB)
#27 16.65 Downloading click-8.5.0-py3-none-any.whl (125 kB)
#27 16.69 Downloading greenlet-3.5.5-cp312-cp312-manylinux_2_24_x86_64.manylinux_2_28_x86_64.whl (621 kB)
#27 16.72    ━━━━━━━━━━━━━━━━━━━━━━━━━━━━━━━━━━━━━━━━ 621.4/621.4 kB 44.9 MB/s eta 0:00:00
#27 16.75 Downloading h11-0.16.0-py3-none-any.whl (37 kB)
#27 16.79 Downloading markupsafe-3.0.3-cp312-cp312-manylinux2014_x86_64.manylinux_2_17_x86_64.manylinux_2_28_x86_64.whl (22 kB)
#27 16.82 Downloading python_dotenv-1.2.3-py3-none-any.whl (22 kB)
#27 16.88 Downloading rich-15.0.0-py3-none-any.whl (310 kB)
#27 16.92 Downloading shellingham-1.5.4-py2.py3-none-any.whl (9.8 kB)
#27 16.97 Downloading starlette-1.6.0-py3-none-any.whl (75 kB)
#27 17.00 Downloading anyio-4.15.1-py3-none-any.whl (132 kB)
#27 17.04 Downloading idna-3.19-py3-none-any.whl (68 kB)
#27 17.09 Downloading typing_extensions-4.16.0-py3-none-any.whl (45 kB)
#27 17.12 Downloading typing_inspection-0.4.4-py3-none-any.whl (14 kB)
#27 17.16 Downloading tzlocal-5.4.4-py3-none-any.whl (18 kB)
#27 17.20 Downloading certifi-2026.7.22-py3-none-any.whl (136 kB)
#27 17.24 Downloading mako-1.4.1-py3-none-any.whl (80 kB)
#27 17.30 Downloading markdown_it_py-4.2.0-py3-none-any.whl (91 kB)
#27 17.33 Downloading pygments-2.21.0-py3-none-any.whl (1.3 MB)
#27 17.36    ━━━━━━━━━━━━━━━━━━━━━━━━━━━━━━━━━━━━━━━━ 1.3/1.3 MB 67.4 MB/s eta 0:00:00
#27 17.40 Downloading pycparser-3.0-py3-none-any.whl (48 kB)
#27 17.43 Downloading mdurl-0.1.2-py3-none-any.whl (10.0 kB)
#27 17.48 Building wheels for collected packages: harness
#27 17.48   Building wheel for harness (pyproject.toml): started
#27 18.33   Building wheel for harness (pyproject.toml): finished with status 'done'
#27 18.33   Created wheel for harness: filename=harness-0.0.1-py3-none-any.whl size=535700 sha256=0bade6657ecc6219e58648fb64c3302c1c69d4c238485da57d5665dc38e33240
#27 18.33   Stored in directory: /tmp/pip-ephem-wheel-cache-s7b37022/wheels/54/1b/b7/aa63e25c8f14f4f2ae7b04e6097bdecb770e455c5c1ee0a600
#27 18.33 Successfully built harness
#27 18.41 Installing collected packages: websocket-client, tzlocal, typing-extensions, shellingham, pyyaml, python-multipart, python-json-logger, python-dotenv, pygments, pycparser, psycopg-binary, mdurl, MarkupSafe, idna, h11, greenlet, click, certifi, annotated-types, annotated-doc, uvicorn, typing-inspection, sqlalchemy, pydantic-core, psycopg, markdown-it-py, Mako, jinja2, httpcore, cffi, apscheduler, anyio, starlette, rich, pydantic, httpx, cryptography, alembic, typer, pydantic-settings, fastapi, harness
#27 ...

#28 [app-run 9/9] RUN pip install -c constraints.txt .
#28 10.18   Downloading psycopg-3.3.5-py3-none-any.whl.metadata (4.3 kB)
#28 10.33 Collecting pydantic>=2.7 (from harness==0.0.1)
#28 10.36   Downloading pydantic-2.13.5-py3-none-any.whl.metadata (110 kB)
#28 10.49 Collecting pydantic-settings>=2.3 (from harness==0.0.1)
#28 10.52   Downloading pydantic_settings-2.15.0-py3-none-any.whl.metadata (3.9 kB)
#28 10.57 Collecting apscheduler<4,>=3.10 (from harness==0.0.1)
#28 10.61   Downloading apscheduler-3.11.3-py3-none-any.whl.metadata (6.5 kB)
#28 10.71 Collecting fastapi>=0.111 (from harness==0.0.1)
#28 10.75   Downloading fastapi-0.141.1-py3-none-any.whl.metadata (27 kB)
#28 10.82 Collecting uvicorn>=0.30 (from harness==0.0.1)
#28 10.86   Downloading uvicorn-0.52.4-py3-none-any.whl.metadata (6.6 kB)
#28 10.92 Collecting python-json-logger>=2.0 (from harness==0.0.1)
#28 10.95   Downloading python_json_logger-4.2.0-py3-none-any.whl.metadata (2.9 kB)
#28 11.02 Collecting typer>=0.12 (from harness==0.0.1)
#28 11.05   Downloading typer-0.27.2-py3-none-any.whl.metadata (16 kB)
#28 11.13 Collecting pyyaml>=6 (from harness==0.0.1)
#28 11.17   Downloading pyyaml-6.0.3-cp312-cp312-manylinux2014_x86_64.manylinux_2_17_x86_64.manylinux_2_28_x86_64.whl.metadata (2.4 kB)
#28 11.38 Collecting cryptography>=42 (from harness==0.0.1)
#28 11.42   Downloading cryptography-50.0.1-cp311-abi3-manylinux_2_34_x86_64.whl.metadata (4.3 kB)
#28 11.49 Collecting alembic>=1.16 (from harness==0.0.1)
#28 11.52   Downloading alembic-1.19.2-py3-none-any.whl.metadata (7.3 kB)
#28 11.59 Collecting websocket-client>=1.8 (from harness==0.0.1)
#28 11.63   Downloading websocket_client-1.9.2-py3-none-any.whl.metadata (8.3 kB)
#28 11.69 Collecting jinja2>=3.1 (from harness==0.0.1)
#28 11.72   Downloading jinja2-3.1.6-py3-none-any.whl.metadata (2.9 kB)
#28 11.77 Collecting python-multipart (from harness==0.0.1)
#28 11.80   Downloading python_multipart-0.0.32-py3-none-any.whl.metadata (2.1 kB)
#28 11.88 Collecting Mako (from alembic>=1.16->harness==0.0.1)
#28 11.92   Downloading mako-1.4.1-py3-none-any.whl.metadata (2.9 kB)
#28 11.97 Collecting typing-extensions>=4.12 (from alembic>=1.16->harness==0.0.1)
#28 12.00   Downloading typing_extensions-4.16.0-py3-none-any.whl.metadata (3.3 kB)
#28 12.05 Collecting tzlocal>=3.0 (from apscheduler<4,>=3.10->harness==0.0.1)
#28 12.09   Downloading tzlocal-5.4.4-py3-none-any.whl.metadata (7.7 kB)
#28 12.23 Collecting cffi>=2.0.0 (from cryptography>=42->harness==0.0.1)
#28 12.28   Downloading cffi-2.1.1-cp312-cp312-manylinux2014_x86_64.manylinux_2_17_x86_64.whl.metadata (2.5 kB)
#28 12.34 Collecting starlette>=0.46.0 (from fastapi>=0.111->harness==0.0.1)
#28 12.38   Downloading starlette-1.6.0-py3-none-any.whl.metadata (6.4 kB)
#28 12.43 Collecting typing-inspection>=0.4.2 (from fastapi>=0.111->harness==0.0.1)
#28 12.48   Downloading typing_inspection-0.4.4-py3-none-any.whl.metadata (2.6 kB)
#28 12.52 Collecting annotated-doc>=0.0.2 (from fastapi>=0.111->harness==0.0.1)
#28 12.56   Downloading annotated_doc-0.0.5-py3-none-any.whl.metadata (6.5 kB)
#28 12.62 Collecting anyio (from httpx>=0.27->harness==0.0.1)
#28 12.66   Downloading anyio-4.15.1-py3-none-any.whl.metadata (4.7 kB)
#28 12.73 Collecting certifi (from httpx>=0.27->harness==0.0.1)
#28 12.80   Downloading certifi-2026.7.22-py3-none-any.whl.metadata (2.5 kB)
#28 12.84 Collecting httpcore==1.* (from httpx>=0.27->harness==0.0.1)
#28 12.88   Downloading httpcore-1.0.9-py3-none-any.whl.metadata (21 kB)
#28 12.92 Collecting idna (from httpx>=0.27->harness==0.0.1)
#28 12.96   Downloading idna-3.19-py3-none-any.whl.metadata (9.2 kB)
#28 13.00 Collecting h11>=0.16 (from httpcore==1.*->httpx>=0.27->harness==0.0.1)
#28 13.05   Downloading h11-0.16.0-py3-none-any.whl.metadata (8.3 kB)
#28 13.13 Collecting MarkupSafe>=2.0 (from jinja2>=3.1->harness==0.0.1)
#28 13.16   Downloading markupsafe-3.0.3-cp312-cp312-manylinux2014_x86_64.manylinux_2_17_x86_64.manylinux_2_28_x86_64.whl.metadata (2.7 kB)
#28 13.34 Collecting psycopg-binary==3.3.5 (from psycopg[binary]>=3.1->harness==0.0.1)
#28 13.37   Downloading psycopg_binary-3.3.5-cp312-cp312-manylinux2014_x86_64.manylinux_2_17_x86_64.whl.metadata (2.7 kB)
#28 13.42 Collecting annotated-types>=0.6.0 (from pydantic>=2.7->harness==0.0.1)
#28 13.45   Downloading annotated_types-0.8.0-py3-none-any.whl.metadata (15 kB)
#28 14.12 Collecting pydantic-core==2.46.5 (from pydantic>=2.7->harness==0.0.1)
#28 14.15   Downloading pydantic_core-2.46.5-cp312-cp312-manylinux_2_17_x86_64.manylinux2014_x86_64.whl.metadata (6.6 kB)
#28 14.20 Collecting python-dotenv>=0.21.0 (from pydantic-settings>=2.3->harness==0.0.1)
#28 14.36   Downloading python_dotenv-1.2.3-py3-none-any.whl.metadata (29 kB)
#28 14.52 Collecting greenlet>=1 (from sqlalchemy>=2.0->harness==0.0.1)
#28 14.56   Downloading greenlet-3.5.5-cp312-cp312-manylinux_2_24_x86_64.manylinux_2_28_x86_64.whl.metadata (3.8 kB)
#28 14.60 Collecting shellingham>=1.3.0 (from typer>=0.12->harness==0.0.1)
#28 14.63   Downloading shellingham-1.5.4-py2.py3-none-any.whl.metadata (3.5 kB)
#28 14.71 Collecting rich>=13.8.0 (from typer>=0.12->harness==0.0.1)
#28 14.74   Downloading rich-15.0.0-py3-none-any.whl.metadata (18 kB)
#28 14.82 Collecting click>=7.0 (from uvicorn>=0.30->harness==0.0.1)
#28 14.85   Downloading click-8.5.0-py3-none-any.whl.metadata (2.6 kB)
#28 14.90 Collecting pycparser (from cffi>=2.0.0->cryptography>=42->harness==0.0.1)
#28 14.94   Downloading pycparser-3.0-py3-none-any.whl.metadata (8.2 kB)
#28 15.00 Collecting markdown-it-py>=2.2.0 (from rich>=13.8.0->typer>=0.12->harness==0.0.1)
#28 15.04   Downloading markdown_it_py-4.2.0-py3-none-any.whl.metadata (7.4 kB)
#28 15.09 Collecting pygments<3.0.0,>=2.13.0 (from rich>=13.8.0->typer>=0.12->harness==0.0.1)
#28 15.12   Downloading pygments-2.21.0-py3-none-any.whl.metadata (2.5 kB)
#28 15.19 Collecting mdurl~=0.1 (from markdown-it-py>=2.2.0->rich>=13.8.0->typer>=0.12->harness==0.0.1)
#28 15.24   Downloading mdurl-0.1.2-py3-none-any.whl.metadata (1.6 kB)
#28 15.28 Downloading alembic-1.19.2-py3-none-any.whl (267 kB)
#28 15.35 Downloading apscheduler-3.11.3-py3-none-any.whl (66 kB)
#28 15.42 Downloading cryptography-50.0.1-cp311-abi3-manylinux_2_34_x86_64.whl (4.7 MB)
#28 15.94    ━━━━━━━━━━━━━━━━━━━━━━━━━━━━━━━━━━━━━━━━ 4.7/4.7 MB 9.2 MB/s eta 0:00:00
#28 15.97 Downloading fastapi-0.141.1-py3-none-any.whl (131 kB)
#28 16.04 Downloading httpx-0.28.1-py3-none-any.whl (73 kB)
#28 16.08 Downloading httpcore-1.0.9-py3-none-any.whl (78 kB)
#28 16.12 Downloading jinja2-3.1.6-py3-none-any.whl (134 kB)
#28 16.17 Downloading psycopg-3.3.5-py3-none-any.whl (213 kB)
#28 16.23 Downloading psycopg_binary-3.3.5-cp312-cp312-manylinux2014_x86_64.manylinux_2_17_x86_64.whl (5.2 MB)
#28 16.66    ━━━━━━━━━━━━━━━━━━━━━━━━━━━━━━━━━━━━━━━━ 5.2/5.2 MB 12.0 MB/s eta 0:00:00
#28 16.69 Downloading pydantic-2.13.5-py3-none-any.whl (472 kB)
#28 16.77 Downloading pydantic_core-2.46.5-cp312-cp312-manylinux_2_17_x86_64.manylinux2014_x86_64.whl (2.1 MB)
#28 16.89    ━━━━━━━━━━━━━━━━━━━━━━━━━━━━━━━━━━━━━━━━ 2.1/2.1 MB 16.2 MB/s eta 0:00:00
#28 16.94 Downloading pydantic_settings-2.15.0-py3-none-any.whl (69 kB)
#28 16.99 Downloading python_json_logger-4.2.0-py3-none-any.whl (14 kB)
#28 17.03 Downloading pyyaml-6.0.3-cp312-cp312-manylinux2014_x86_64.manylinux_2_17_x86_64.manylinux_2_28_x86_64.whl (807 kB)
#28 17.07    ━━━━━━━━━━━━━━━━━━━━━━━━━━━━━━━━━━━━━━━━ 807.9/807.9 kB 26.3 MB/s eta 0:00:00
#28 17.10 Downloading sqlalchemy-2.0.52-cp312-cp312-manylinux2014_x86_64.manylinux_2_17_x86_64.manylinux_2_28_x86_64.whl (3.4 MB)
#28 17.28    ━━━━━━━━━━━━━━━━━━━━━━━━━━━━━━━━━━━━━━━━ 3.4/3.4 MB 18.6 MB/s eta 0:00:00
#28 17.33 Downloading typer-0.27.2-py3-none-any.whl (123 kB)
#28 17.39 Downloading uvicorn-0.52.4-py3-none-any.whl (79 kB)
#28 17.44 Downloading websocket_client-1.9.2-py3-none-any.whl (95 kB)
#28 17.50 Downloading python_multipart-0.0.32-py3-none-any.whl (30 kB)
#28 17.54 Downloading annotated_doc-0.0.5-py3-none-any.whl (5.3 kB)
#28 17.60 Downloading annotated_types-0.8.0-py3-none-any.whl (13 kB)
#28 17.66 Downloading cffi-2.1.1-cp312-cp312-manylinux2014_x86_64.manylinux_2_17_x86_64.whl (221 kB)
#28 17.71 Downloading click-8.5.0-py3-none-any.whl (125 kB)
#28 17.79 Downloading greenlet-3.5.5-cp312-cp312-manylinux_2_24_x86_64.manylinux_2_28_x86_64.whl (621 kB)
#28 17.81    ━━━━━━━━━━━━━━━━━━━━━━━━━━━━━━━━━━━━━━━━ 621.4/621.4 kB 37.0 MB/s eta 0:00:00
#28 17.84 Downloading h11-0.16.0-py3-none-any.whl (37 kB)
#28 17.90 Downloading markupsafe-3.0.3-cp312-cp312-manylinux2014_x86_64.manylinux_2_17_x86_64.manylinux_2_28_x86_64.whl (22 kB)
#28 17.95 Downloading python_dotenv-1.2.3-py3-none-any.whl (22 kB)
#28 17.98 Downloading rich-15.0.0-py3-none-any.whl (310 kB)
#28 18.04 Downloading shellingham-1.5.4-py2.py3-none-any.whl (9.8 kB)
#28 18.09 Downloading starlette-1.6.0-py3-none-any.whl (75 kB)
#28 18.12 Downloading anyio-4.15.1-py3-none-any.whl (132 kB)
#28 18.16 Downloading idna-3.19-py3-none-any.whl (68 kB)
#28 18.22 Downloading typing_extensions-4.16.0-py3-none-any.whl (45 kB)
#28 18.27 Downloading typing_inspection-0.4.4-py3-none-any.whl (14 kB)
#28 18.32 Downloading tzlocal-5.4.4-py3-none-any.whl (18 kB)
#28 18.36 Downloading certifi-2026.7.22-py3-none-any.whl (136 kB)
#28 18.41 Downloading mako-1.4.1-py3-none-any.whl (80 kB)
#28 18.46 Downloading markdown_it_py-4.2.0-py3-none-any.whl (91 kB)
#28 18.50 Downloading pygments-2.21.0-py3-none-any.whl (1.3 MB)
#28 18.57    ━━━━━━━━━━━━━━━━━━━━━━━━━━━━━━━━━━━━━━━━ 1.3/1.3 MB 18.5 MB/s eta 0:00:00
#28 18.60 Downloading pycparser-3.0-py3-none-any.whl (48 kB)
#28 18.66 Downloading mdurl-0.1.2-py3-none-any.whl (10.0 kB)
#28 18.70 Building wheels for collected packages: harness
#28 18.70   Building wheel for harness (pyproject.toml): started
#28 19.13   Building wheel for harness (pyproject.toml): finished with status 'done'
#28 19.14   Created wheel for harness: filename=harness-0.0.1-py3-none-any.whl size=535700 sha256=0bade6657ecc6219e58648fb64c3302c1c69d4c238485da57d5665dc38e33240
#28 19.14   Stored in directory: /tmp/pip-ephem-wheel-cache-wf316g_f/wheels/54/1b/b7/aa63e25c8f14f4f2ae7b04e6097bdecb770e455c5c1ee0a600
#28 19.14 Successfully built harness
#28 19.19 Installing collected packages: websocket-client, tzlocal, typing-extensions, shellingham, pyyaml, python-multipart, python-json-logger, python-dotenv, pygments, pycparser, psycopg-binary, mdurl, MarkupSafe, idna, h11, greenlet, click, certifi, annotated-types, annotated-doc, uvicorn, typing-inspection, sqlalchemy, pydantic-core, psycopg, markdown-it-py, Mako, jinja2, httpcore, cffi, apscheduler, anyio, starlette, rich, pydantic, httpx, cryptography, alembic, typer, pydantic-settings, fastapi, harness
#28 ...

#27 [app-exec 9/9] RUN pip install -c constraints.txt .
#27 23.38 Successfully installed Mako-1.4.1 MarkupSafe-3.0.3 alembic-1.19.2 annotated-doc-0.0.5 annotated-types-0.8.0 anyio-4.15.1 apscheduler-3.11.3 certifi-2026.7.22 cffi-2.1.1 click-8.5.0 cryptography-50.0.1 fastapi-0.141.1 greenlet-3.5.5 h11-0.16.0 harness-0.0.1 httpcore-1.0.9 httpx-0.28.1 idna-3.19 jinja2-3.1.6 markdown-it-py-4.2.0 mdurl-0.1.2 psycopg-3.3.5 psycopg-binary-3.3.5 pycparser-3.0 pydantic-2.13.5 pydantic-core-2.46.5 pydantic-settings-2.15.0 pygments-2.21.0 python-dotenv-1.2.3 python-json-logger-4.2.0 python-multipart-0.0.32 pyyaml-6.0.3 rich-15.0.0 shellingham-1.5.4 sqlalchemy-2.0.52 starlette-1.6.0 typer-0.27.2 typing-extensions-4.16.0 typing-inspection-0.4.4 tzlocal-5.4.4 uvicorn-0.52.4 websocket-client-1.9.2
#27 23.38 WARNING: Running pip as the 'root' user can result in broken permissions and conflicting behaviour with the system package manager, possibly rendering your system unusable. It is recommended to use a virtual environment instead: https://pip.pypa.io/warnings/venv. Use the --root-user-action option if you know what you are doing and want to suppress this warning.
#27 24.14 
#27 24.14 [notice] A new release of pip is available: 25.0.1 -> 26.2.1
#27 24.14 [notice] To update, run: pip install --upgrade pip
#27 DONE 25.4s

#29 [app-exec] exporting to image
#29 exporting layers
#29 ...

#28 [app-run 9/9] RUN pip install -c constraints.txt .
#28 25.27 Successfully installed Mako-1.4.1 MarkupSafe-3.0.3 alembic-1.19.2 annotated-doc-0.0.5 annotated-types-0.8.0 anyio-4.15.1 apscheduler-3.11.3 certifi-2026.7.22 cffi-2.1.1 click-8.5.0 cryptography-50.0.1 fastapi-0.141.1 greenlet-3.5.5 h11-0.16.0 harness-0.0.1 httpcore-1.0.9 httpx-0.28.1 idna-3.19 jinja2-3.1.6 markdown-it-py-4.2.0 mdurl-0.1.2 psycopg-3.3.5 psycopg-binary-3.3.5 pycparser-3.0 pydantic-2.13.5 pydantic-core-2.46.5 pydantic-settings-2.15.0 pygments-2.21.0 python-dotenv-1.2.3 python-json-logger-4.2.0 python-multipart-0.0.32 pyyaml-6.0.3 rich-15.0.0 shellingham-1.5.4 sqlalchemy-2.0.52 starlette-1.6.0 typer-0.27.2 typing-extensions-4.16.0 typing-inspection-0.4.4 tzlocal-5.4.4 uvicorn-0.52.4 websocket-client-1.9.2
#28 25.27 WARNING: Running pip as the 'root' user can result in broken permissions and conflicting behaviour with the system package manager, possibly rendering your system unusable. It is recommended to use a virtual environment instead: https://pip.pypa.io/warnings/venv. Use the --root-user-action option if you know what you are doing and want to suppress this warning.
#28 25.46 
#28 25.46 [notice] A new release of pip is available: 25.0.1 -> 26.2.1
#28 25.46 [notice] To update, run: pip install --upgrade pip
#28 DONE 26.0s

#30 [app-run] exporting to image
#30 exporting layers 8.0s done
#30 writing image sha256:5dc29f6cc391ebab5fb7bd17be19250c4b8a6cfeabfe65a56b67aa315547d02d done
#30 naming to docker.io/library/sports-harness-app-run 0.1s done
#30 DONE 8.3s

#31 [app-ws] exporting to image
#31 exporting layers 9.9s done
#31 writing image sha256:f61e80845aa6bae07de94d74e16760984dc1ff294c3354fedd9d00e1c0eaf0a7 done
#31 naming to docker.io/library/sports-harness-app-ws 0.0s done
#31 ...

#32 [app-serve] exporting to image
#32 exporting layers 9.9s done
#32 writing image sha256:d88a651f48103752d7726acb94ec56dc6a304ec7816f2da7345414b0103fda7b done
#32 naming to docker.io/library/sports-harness-app-serve 0.1s done
#32 ...

#31 [app-ws] exporting to image
#31 DONE 10.3s

#29 [app-exec] exporting to image
#29 exporting layers 9.9s done
#29 writing image sha256:7cb1cdead9b59ab7416e2c3982aa50222f4d11dd3eab8ca2b512f8ff4aac8aef 0.0s done
#29 naming to docker.io/library/sports-harness-app-exec 0.1s done
#29 ...

#32 [app-serve] exporting to image
#32 DONE 10.4s

#29 [app-exec] exporting to image
#29 DONE 10.4s
 Container sports-harness-postgres-1  Running
 Container sports-harness-app-backup-1  Running
 Container sports-harness-postgres-1  Waiting
 Container sports-harness-postgres-1  Healthy
[0;32m[DEPLOY][0m Backup precheck (dumps first when the newest nightly is stale)...
 Container sports-harness-postgres-1  Running
ok backup_run=11 finished_at=2026-09-10 08:39:38+00:00
[0;32m[DEPLOY][0m Alembic ensure (stamp on the pre-Alembic database, upgrade on an empty one)...
 Container sports-harness-postgres-1  Running
{"asctime": "2026-09-10 12:13:04,830", "levelname": "INFO", "name": "alembic.runtime.plugins", "message": "setup plugin alembic.autogenerate.schemas"}
{"asctime": "2026-09-10 12:13:04,830", "levelname": "INFO", "name": "alembic.runtime.plugins", "message": "setup plugin alembic.autogenerate.tables"}
{"asctime": "2026-09-10 12:13:04,830", "levelname": "INFO", "name": "alembic.runtime.plugins", "message": "setup plugin alembic.autogenerate.types"}
{"asctime": "2026-09-10 12:13:04,830", "levelname": "INFO", "name": "alembic.runtime.plugins", "message": "setup plugin alembic.autogenerate.constraints"}
{"asctime": "2026-09-10 12:13:04,831", "levelname": "INFO", "name": "alembic.runtime.plugins", "message": "setup plugin alembic.autogenerate.defaults"}
{"asctime": "2026-09-10 12:13:04,831", "levelname": "INFO", "name": "alembic.runtime.plugins", "message": "setup plugin alembic.autogenerate.comments"}
{"asctime": "2026-09-10 12:13:04,831", "levelname": "INFO", "name": "alembic.runtime.plugins", "message": "setup plugin alembic.ext.checkconstraint_byname"}
{"asctime": "2026-09-10 12:13:04,971", "levelname": "INFO", "name": "alembic.runtime.migration", "message": "Context impl PostgresqlImpl."}
{"asctime": "2026-09-10 12:13:04,971", "levelname": "INFO", "name": "alembic.runtime.migration", "message": "Will assume transactional DDL."}
{"asctime": "2026-09-10 12:13:04,987", "levelname": "INFO", "name": "alembic.runtime.migration", "message": "Running upgrade 0002_phase45 -> 0003_brin_autosummarize, fix 32: the one alterable BRIN index gets autosummarize = on"}
{"asctime": "2026-09-10 12:13:06,409", "levelname": "INFO", "name": "alembic.runtime.migration", "message": "Context impl PostgresqlImpl."}
{"asctime": "2026-09-10 12:13:06,409", "levelname": "INFO", "name": "alembic.runtime.migration", "message": "Will assume transactional DDL."}
current
{"asctime": "2026-09-10 12:13:06,415", "levelname": "INFO", "name": "harness.db.migrate", "message": "alembic: at 0003_brin_autosummarize"}
[0;32m[DEPLOY][0m Schema + teams (idempotent; required after every upgrade)...
 Container sports-harness-app-exec-1  Stopping
 Container sports-harness-app-run-1  Stopping
 Container sports-harness-app-exec-1  Stopped
 Container sports-harness-app-run-1  Stopped
 Container sports-harness-postgres-1  Running
{"asctime": "2026-09-10 12:13:10,344", "levelname": "INFO", "name": "harness", "message": "schema created"}
 Container sports-harness-postgres-1  Running
{"asctime": "2026-09-10 12:13:12,783", "levelname": "INFO", "name": "harness", "message": "seeded 32 teams from https://site.api.espn.com/apis/site/v2/sports/football/nfl/teams?limit=100"}
{"asctime": "2026-09-10 12:13:18,436", "levelname": "INFO", "name": "harness", "message": "seeded 762 teams from https://site.api.espn.com/apis/site/v2/sports/football/college-football/teams?limit=1000&groups=80"}
{"asctime": "2026-09-10 12:13:18,461", "levelname": "INFO", "name": "harness", "message": "manual aliases loaded: 28"}
 Container sports-harness-postgres-1  Running
added=0 unchanged=7 deactivated=0
name                    tier        variant_id    active
constrained             secondary   ff363c8ac08d  True
nfl_only                secondary   e549e693e117  True
no_velocity             secondary   64ba3ef09642  True
sharp_direct            primary     f259ca109084  True
sharp_plus_derived      secondary   49af716f8708  True
sharp_two_sided         secondary   5632da729fa7  True
wide_band               secondary   c2bc45377328  True
[0;32m[DEPLOY][0m Starting services...
 Container sports-harness-postgres-1  Running
 Container sports-harness-app-backup-1  Running
 Container sports-harness-app-serve-1  Recreate
 Container sports-harness-app-ws-1  Recreate
 Container sports-harness-app-run-1  Recreate
 Container sports-harness-app-exec-1  Recreate
 Container sports-harness-app-exec-1  Recreated
 Container sports-harness-app-run-1  Recreated
 Container sports-harness-app-serve-1  Recreated
 Container sports-harness-app-ws-1  Recreated
 Container sports-harness-postgres-1  Waiting
 Container sports-harness-postgres-1  Waiting
 Container sports-harness-postgres-1  Waiting
 Container sports-harness-postgres-1  Waiting
 Container sports-harness-postgres-1  Waiting
 Container sports-harness-postgres-1  Healthy
 Container sports-harness-app-run-1  Starting
 Container sports-harness-postgres-1  Healthy
 Container sports-harness-app-exec-1  Starting
 Container sports-harness-postgres-1  Healthy
 Container sports-harness-app-serve-1  Starting
 Container sports-harness-postgres-1  Healthy
 Container sports-harness-postgres-1  Healthy
 Container sports-harness-app-ws-1  Starting
 Container sports-harness-app-run-1  Started
 Container sports-harness-app-serve-1  Started
 Container sports-harness-app-ws-1  Started
 Container sports-harness-app-exec-1  Started
[0;32m[DEPLOY][0m Done. Run: make status-nas
