[0;32m[DEPLOY][0m Pushing to trey@192.168.12.228:/volume1/docker/sports-harness
[0;32m[DEPLOY][0m build e370d45 2026-09-07T20:39:37Z
[0;32m[DEPLOY][0m Building image and starting postgres...
#0 building with "default" instance using docker driver

#1 [app-run internal] load build definition from Dockerfile
#1 transferring dockerfile:
#1 transferring dockerfile: 646B 0.2s done
#1 DONE 0.5s

#2 [app-serve internal] load build definition from Dockerfile
#2 transferring dockerfile: 646B 0.2s done
#2 DONE 0.5s

#3 [app-ws internal] load build definition from Dockerfile
#3 transferring dockerfile: 646B 0.2s done
#3 DONE 0.5s

#4 [app-run internal] load metadata for docker.io/library/python:3.12-slim
#4 DONE 1.1s

#5 [app-serve internal] load .dockerignore
#5 transferring context: 101B 0.0s done
#5 DONE 0.1s

#6 [app-run internal] load .dockerignore
#6 transferring context: 101B 0.0s done
#6 DONE 0.1s

#7 [app-ws internal] load .dockerignore
#7 transferring context: 101B 0.0s done
#7 DONE 0.1s

#8 [app-serve internal] load build context
#8 DONE 0.0s

#9 [app-run internal] load build context
#9 DONE 0.0s

#10 [app-ws 1/7] FROM docker.io/library/python:3.12-slim@sha256:78387bc3881b8273120a12ebe6c1ab22b018ccc2c9adf565ae1ac9b536e184ea
#10 DONE 0.0s

#11 [app-ws internal] load build context
#11 ...

#9 [app-run internal] load build context
#9 transferring context: 107.93kB 0.3s done
#9 DONE 0.4s

#11 [app-ws internal] load build context
#11 transferring context: 107.93kB 0.3s done
#11 DONE 0.4s

#8 [app-serve internal] load build context
#8 transferring context: 107.93kB 0.3s done
#8 DONE 0.4s

#12 [app-ws 2/7] RUN apt-get update && apt-get install -y --no-install-recommends tzdata && rm -rf /var/lib/apt/lists/*
#12 CACHED

#13 [app-serve 3/7] WORKDIR /app
#13 CACHED

#14 [app-ws 4/7] COPY pyproject.toml ./
#14 DONE 0.5s

#15 [app-serve 5/7] COPY constraints.txt ./
#15 DONE 0.2s

#16 [app-run 6/7] COPY harness ./harness
#16 DONE 0.8s

#17 [app-run 7/7] RUN pip install -c constraints.txt .
#17 5.857 Processing /app
#17 5.860   Installing build dependencies: started
#17 8.259   Installing build dependencies: finished with status 'done'
#17 8.260   Getting requirements to build wheel: started
#17 8.510   Getting requirements to build wheel: finished with status 'done'
#17 8.511   Preparing metadata (pyproject.toml): started
#17 8.673   Preparing metadata (pyproject.toml): finished with status 'done'
#17 8.846 Collecting httpx>=0.27 (from harness==0.0.1)
#17 8.974   Downloading httpx-0.28.1-py3-none-any.whl.metadata (7.1 kB)
#17 9.454 Collecting sqlalchemy>=2.0 (from harness==0.0.1)
#17 9.487   Downloading sqlalchemy-2.0.52-cp312-cp312-manylinux2014_x86_64.manylinux_2_17_x86_64.manylinux_2_28_x86_64.whl.metadata (9.6 kB)
#17 9.556 Collecting psycopg>=3.1 (from psycopg[binary]>=3.1->harness==0.0.1)
#17 9.598   Downloading psycopg-3.3.5-py3-none-any.whl.metadata (4.3 kB)
#17 9.775 Collecting pydantic>=2.7 (from harness==0.0.1)
#17 9.814   Downloading pydantic-2.13.5-py3-none-any.whl.metadata (110 kB)
#17 9.933 Collecting pydantic-settings>=2.3 (from harness==0.0.1)
#17 9.968   Downloading pydantic_settings-2.15.0-py3-none-any.whl.metadata (3.9 kB)
#17 10.02 Collecting apscheduler<4,>=3.10 (from harness==0.0.1)
#17 10.05   Downloading apscheduler-3.11.3-py3-none-any.whl.metadata (6.5 kB)
#17 10.16 Collecting fastapi>=0.111 (from harness==0.0.1)
#17 10.20   Downloading fastapi-0.141.1-py3-none-any.whl.metadata (27 kB)
#17 10.29 Collecting uvicorn>=0.30 (from harness==0.0.1)
#17 10.33   Downloading uvicorn-0.52.4-py3-none-any.whl.metadata (6.6 kB)
#17 10.40 Collecting python-json-logger>=2.0 (from harness==0.0.1)
#17 10.44   Downloading python_json_logger-4.2.0-py3-none-any.whl.metadata (2.9 kB)
#17 10.50 Collecting typer>=0.12 (from harness==0.0.1)
#17 10.54   Downloading typer-0.27.2-py3-none-any.whl.metadata (16 kB)
#17 10.63 Collecting pyyaml>=6 (from harness==0.0.1)
#17 10.66   Downloading pyyaml-6.0.3-cp312-cp312-manylinux2014_x86_64.manylinux_2_17_x86_64.manylinux_2_28_x86_64.whl.metadata (2.4 kB)
#17 10.91 Collecting cryptography>=42 (from harness==0.0.1)
#17 10.95   Downloading cryptography-50.0.1-cp311-abi3-manylinux_2_34_x86_64.whl.metadata (4.3 kB)
#17 11.03 Collecting websocket-client>=1.8 (from harness==0.0.1)
#17 11.07   Downloading websocket_client-1.9.2-py3-none-any.whl.metadata (8.3 kB)
#17 11.12 Collecting jinja2>=3.1 (from harness==0.0.1)
#17 11.16   Downloading jinja2-3.1.6-py3-none-any.whl.metadata (2.9 kB)
#17 11.20 Collecting python-multipart (from harness==0.0.1)
#17 11.25   Downloading python_multipart-0.0.32-py3-none-any.whl.metadata (2.1 kB)
#17 11.30 Collecting tzlocal>=3.0 (from apscheduler<4,>=3.10->harness==0.0.1)
#17 11.34   Downloading tzlocal-5.4.4-py3-none-any.whl.metadata (7.7 kB)
#17 11.52 Collecting cffi>=2.0.0 (from cryptography>=42->harness==0.0.1)
#17 11.55   Downloading cffi-2.1.1-cp312-cp312-manylinux2014_x86_64.manylinux_2_17_x86_64.whl.metadata (2.5 kB)
#17 11.61 Collecting starlette>=0.46.0 (from fastapi>=0.111->harness==0.0.1)
#17 11.65   Downloading starlette-1.6.0-py3-none-any.whl.metadata (6.4 kB)
#17 11.71 Collecting typing-extensions>=4.8.0 (from fastapi>=0.111->harness==0.0.1)
#17 11.75   Downloading typing_extensions-4.16.0-py3-none-any.whl.metadata (3.3 kB)
#17 11.79 Collecting typing-inspection>=0.4.2 (from fastapi>=0.111->harness==0.0.1)
#17 11.83   Downloading typing_inspection-0.4.4-py3-none-any.whl.metadata (2.6 kB)
#17 11.86 Collecting annotated-doc>=0.0.2 (from fastapi>=0.111->harness==0.0.1)
#17 11.90   Downloading annotated_doc-0.0.5-py3-none-any.whl.metadata (6.5 kB)
#17 11.97 Collecting anyio (from httpx>=0.27->harness==0.0.1)
#17 12.01   Downloading anyio-4.15.1-py3-none-any.whl.metadata (4.7 kB)
#17 12.06 Collecting certifi (from httpx>=0.27->harness==0.0.1)
#17 12.10   Downloading certifi-2026.7.22-py3-none-any.whl.metadata (2.5 kB)
#17 12.17 Collecting httpcore==1.* (from httpx>=0.27->harness==0.0.1)
#17 12.20   Downloading httpcore-1.0.9-py3-none-any.whl.metadata (21 kB)
#17 12.26 Collecting idna (from httpx>=0.27->harness==0.0.1)
#17 12.29   Downloading idna-3.19-py3-none-any.whl.metadata (9.2 kB)
#17 12.34 Collecting h11>=0.16 (from httpcore==1.*->httpx>=0.27->harness==0.0.1)
#17 12.38   Downloading h11-0.16.0-py3-none-any.whl.metadata (8.3 kB)
#17 12.45 Collecting MarkupSafe>=2.0 (from jinja2>=3.1->harness==0.0.1)
#17 12.49   Downloading markupsafe-3.0.3-cp312-cp312-manylinux2014_x86_64.manylinux_2_17_x86_64.manylinux_2_28_x86_64.whl.metadata (2.7 kB)
#17 12.70 Collecting psycopg-binary==3.3.5 (from psycopg[binary]>=3.1->harness==0.0.1)
#17 12.74   Downloading psycopg_binary-3.3.5-cp312-cp312-manylinux2014_x86_64.manylinux_2_17_x86_64.whl.metadata (2.7 kB)
#17 12.79 Collecting annotated-types>=0.6.0 (from pydantic>=2.7->harness==0.0.1)
#17 12.82   Downloading annotated_types-0.8.0-py3-none-any.whl.metadata (15 kB)
#17 13.53 Collecting pydantic-core==2.46.5 (from pydantic>=2.7->harness==0.0.1)
#17 13.57   Downloading pydantic_core-2.46.5-cp312-cp312-manylinux_2_17_x86_64.manylinux2014_x86_64.whl.metadata (6.6 kB)
#17 13.62 Collecting python-dotenv>=0.21.0 (from pydantic-settings>=2.3->harness==0.0.1)
#17 13.67   Downloading python_dotenv-1.2.3-py3-none-any.whl.metadata (29 kB)
#17 13.85 Collecting greenlet>=1 (from sqlalchemy>=2.0->harness==0.0.1)
#17 13.88   Downloading greenlet-3.5.5-cp312-cp312-manylinux_2_24_x86_64.manylinux_2_28_x86_64.whl.metadata (3.8 kB)
#17 13.92 Collecting shellingham>=1.3.0 (from typer>=0.12->harness==0.0.1)
#17 13.96   Downloading shellingham-1.5.4-py2.py3-none-any.whl.metadata (3.5 kB)
#17 14.05 Collecting rich>=13.8.0 (from typer>=0.12->harness==0.0.1)
#17 14.08   Downloading rich-15.0.0-py3-none-any.whl.metadata (18 kB)
#17 14.14 Collecting click>=7.0 (from uvicorn>=0.30->harness==0.0.1)
#17 14.17   Downloading click-8.5.0-py3-none-any.whl.metadata (2.6 kB)
#17 14.22 Collecting pycparser (from cffi>=2.0.0->cryptography>=42->harness==0.0.1)
#17 14.26   Downloading pycparser-3.0-py3-none-any.whl.metadata (8.2 kB)
#17 14.32 Collecting markdown-it-py>=2.2.0 (from rich>=13.8.0->typer>=0.12->harness==0.0.1)
#17 14.35   Downloading markdown_it_py-4.2.0-py3-none-any.whl.metadata (7.4 kB)
#17 14.42 Collecting pygments<3.0.0,>=2.13.0 (from rich>=13.8.0->typer>=0.12->harness==0.0.1)
#17 14.45   Downloading pygments-2.21.0-py3-none-any.whl.metadata (2.5 kB)
#17 14.50 Collecting mdurl~=0.1 (from markdown-it-py>=2.2.0->rich>=13.8.0->typer>=0.12->harness==0.0.1)
#17 14.53   Downloading mdurl-0.1.2-py3-none-any.whl.metadata (1.6 kB)
#17 14.58 Downloading apscheduler-3.11.3-py3-none-any.whl (66 kB)
#17 14.64 Downloading cryptography-50.0.1-cp311-abi3-manylinux_2_34_x86_64.whl (4.7 MB)
#17 15.72    ━━━━━━━━━━━━━━━━━━━━━━━━━━━━━━━━━━━━━━━━ 4.7/4.7 MB 4.7 MB/s eta 0:00:00
#17 15.77 Downloading fastapi-0.141.1-py3-none-any.whl (131 kB)
#17 15.83 Downloading httpx-0.28.1-py3-none-any.whl (73 kB)
#17 15.89 Downloading httpcore-1.0.9-py3-none-any.whl (78 kB)
#17 15.94 Downloading jinja2-3.1.6-py3-none-any.whl (134 kB)
#17 15.99 Downloading psycopg-3.3.5-py3-none-any.whl (213 kB)
#17 16.10 Downloading psycopg_binary-3.3.5-cp312-cp312-manylinux2014_x86_64.manylinux_2_17_x86_64.whl (5.2 MB)
#17 16.67    ━━━━━━━━━━━━━━━━━━━━━━━━━━━━━━━━━━━━━━━━ 5.2/5.2 MB 9.1 MB/s eta 0:00:00
#17 16.71 Downloading pydantic-2.13.5-py3-none-any.whl (472 kB)
#17 16.78 Downloading pydantic_core-2.46.5-cp312-cp312-manylinux_2_17_x86_64.manylinux2014_x86_64.whl (2.1 MB)
#17 16.93    ━━━━━━━━━━━━━━━━━━━━━━━━━━━━━━━━━━━━━━━━ 2.1/2.1 MB 13.5 MB/s eta 0:00:00
#17 16.96 Downloading pydantic_settings-2.15.0-py3-none-any.whl (69 kB)
#17 17.00 Downloading python_json_logger-4.2.0-py3-none-any.whl (14 kB)
#17 17.04 Downloading pyyaml-6.0.3-cp312-cp312-manylinux2014_x86_64.manylinux_2_17_x86_64.manylinux_2_28_x86_64.whl (807 kB)
#17 17.10    ━━━━━━━━━━━━━━━━━━━━━━━━━━━━━━━━━━━━━━━━ 807.9/807.9 kB 18.3 MB/s eta 0:00:00
#17 17.14 Downloading sqlalchemy-2.0.52-cp312-cp312-manylinux2014_x86_64.manylinux_2_17_x86_64.manylinux_2_28_x86_64.whl (3.4 MB)
#17 17.40    ━━━━━━━━━━━━━━━━━━━━━━━━━━━━━━━━━━━━━━━━ 3.4/3.4 MB 13.8 MB/s eta 0:00:00
#17 17.44 Downloading typer-0.27.2-py3-none-any.whl (123 kB)
#17 17.49 Downloading uvicorn-0.52.4-py3-none-any.whl (79 kB)
#17 17.53 Downloading websocket_client-1.9.2-py3-none-any.whl (95 kB)
#17 17.59 Downloading python_multipart-0.0.32-py3-none-any.whl (30 kB)
#17 17.65 Downloading annotated_doc-0.0.5-py3-none-any.whl (5.3 kB)
#17 17.69 Downloading annotated_types-0.8.0-py3-none-any.whl (13 kB)
#17 17.73 Downloading cffi-2.1.1-cp312-cp312-manylinux2014_x86_64.manylinux_2_17_x86_64.whl (221 kB)
#17 17.79 Downloading click-8.5.0-py3-none-any.whl (125 kB)
#17 17.86 Downloading greenlet-3.5.5-cp312-cp312-manylinux_2_24_x86_64.manylinux_2_28_x86_64.whl (621 kB)
#17 17.89    ━━━━━━━━━━━━━━━━━━━━━━━━━━━━━━━━━━━━━━━━ 621.4/621.4 kB 23.8 MB/s eta 0:00:00
#17 17.97 Downloading h11-0.16.0-py3-none-any.whl (37 kB)
#17 18.02 Downloading markupsafe-3.0.3-cp312-cp312-manylinux2014_x86_64.manylinux_2_17_x86_64.manylinux_2_28_x86_64.whl (22 kB)
#17 18.05 Downloading python_dotenv-1.2.3-py3-none-any.whl (22 kB)
#17 18.09 Downloading rich-15.0.0-py3-none-any.whl (310 kB)
#17 18.17 Downloading shellingham-1.5.4-py2.py3-none-any.whl (9.8 kB)
#17 18.21 Downloading starlette-1.6.0-py3-none-any.whl (75 kB)
#17 18.27 Downloading anyio-4.15.1-py3-none-any.whl (132 kB)
#17 18.37 Downloading idna-3.19-py3-none-any.whl (68 kB)
#17 18.41 Downloading typing_extensions-4.16.0-py3-none-any.whl (45 kB)
#17 18.46 Downloading typing_inspection-0.4.4-py3-none-any.whl (14 kB)
#17 18.51 Downloading tzlocal-5.4.4-py3-none-any.whl (18 kB)
#17 18.55 Downloading certifi-2026.7.22-py3-none-any.whl (136 kB)
#17 18.63 Downloading markdown_it_py-4.2.0-py3-none-any.whl (91 kB)
#17 18.68 Downloading pygments-2.21.0-py3-none-any.whl (1.3 MB)
#17 18.77    ━━━━━━━━━━━━━━━━━━━━━━━━━━━━━━━━━━━━━━━━ 1.3/1.3 MB 19.1 MB/s eta 0:00:00
#17 18.80 Downloading pycparser-3.0-py3-none-any.whl (48 kB)
#17 18.84 Downloading mdurl-0.1.2-py3-none-any.whl (10.0 kB)
#17 18.89 Building wheels for collected packages: harness
#17 18.89   Building wheel for harness (pyproject.toml): started
#17 19.13   Building wheel for harness (pyproject.toml): finished with status 'done'
#17 19.13   Created wheel for harness: filename=harness-0.0.1-py3-none-any.whl size=91106 sha256=8df915c17b22782e7c6d475b413e035aa3befea77eb8809e9f32ccf9ac2a8875
#17 19.13   Stored in directory: /tmp/pip-ephem-wheel-cache-bx3otm6h/wheels/54/1b/b7/aa63e25c8f14f4f2ae7b04e6097bdecb770e455c5c1ee0a600
#17 19.13 Successfully built harness
#17 19.18 Installing collected packages: websocket-client, tzlocal, typing-extensions, shellingham, pyyaml, python-multipart, python-json-logger, python-dotenv, pygments, pycparser, psycopg-binary, mdurl, MarkupSafe, idna, h11, greenlet, click, certifi, annotated-types, annotated-doc, uvicorn, typing-inspection, sqlalchemy, pydantic-core, psycopg, markdown-it-py, jinja2, httpcore, cffi, apscheduler, anyio, starlette, rich, pydantic, httpx, cryptography, typer, pydantic-settings, fastapi, harness
#17 24.04 Successfully installed MarkupSafe-3.0.3 annotated-doc-0.0.5 annotated-types-0.8.0 anyio-4.15.1 apscheduler-3.11.3 certifi-2026.7.22 cffi-2.1.1 click-8.5.0 cryptography-50.0.1 fastapi-0.141.1 greenlet-3.5.5 h11-0.16.0 harness-0.0.1 httpcore-1.0.9 httpx-0.28.1 idna-3.19 jinja2-3.1.6 markdown-it-py-4.2.0 mdurl-0.1.2 psycopg-3.3.5 psycopg-binary-3.3.5 pycparser-3.0 pydantic-2.13.5 pydantic-core-2.46.5 pydantic-settings-2.15.0 pygments-2.21.0 python-dotenv-1.2.3 python-json-logger-4.2.0 python-multipart-0.0.32 pyyaml-6.0.3 rich-15.0.0 shellingham-1.5.4 sqlalchemy-2.0.52 starlette-1.6.0 typer-0.27.2 typing-extensions-4.16.0 typing-inspection-0.4.4 tzlocal-5.4.4 uvicorn-0.52.4 websocket-client-1.9.2
#17 24.04 WARNING: Running pip as the 'root' user can result in broken permissions and conflicting behaviour with the system package manager, possibly rendering your system unusable. It is recommended to use a virtual environment instead: https://pip.pypa.io/warnings/venv. Use the --root-user-action option if you know what you are doing and want to suppress this warning.
#17 24.27 
#17 24.27 [notice] A new release of pip is available: 25.0.1 -> 26.2.1
#17 24.27 [notice] To update, run: pip install --upgrade pip
#17 DONE 25.3s

#18 [app-run] exporting to image
#18 exporting layers
#18 exporting layers 3.2s done
#18 ...

#19 [app-ws] exporting to image
#19 exporting layers 3.2s done
#19 writing image sha256:78383a3404657a48815ad3a03df776e61f5e58244e634ca7390f47062f0bc2ce 0.0s done
#19 naming to docker.io/library/sports-harness-app-ws 0.1s done
#19 DONE 3.4s

#18 [app-run] exporting to image
#18 writing image sha256:abcabbcc1a106a0c07c46f9f8e9701c16025f392a2f430d72daa12c9cdb0c333 0.0s done
#18 naming to docker.io/library/sports-harness-app-run 0.0s done
#18 ...

#20 [app-serve] exporting to image
#20 exporting layers 3.2s done
#20 writing image sha256:294eb1f94985394e034d2e29fc0ec6c2337b6d2c95f275ad517228539f534af9 0.0s done
#20 naming to docker.io/library/sports-harness-app-serve 0.1s done
#20 DONE 3.6s

#18 [app-run] exporting to image
#18 DONE 3.6s
 Container sports-harness-postgres-1  Running
[0;32m[DEPLOY][0m Schema + teams (idempotent; required after every upgrade)...
 Container sports-harness-postgres-1  Running
{"asctime": "2026-09-07 20:40:26,014", "levelname": "INFO", "name": "harness", "message": "schema created"}
 Container sports-harness-postgres-1  Running
{"asctime": "2026-09-07 20:40:29,247", "levelname": "INFO", "name": "harness", "message": "seeded 32 teams from https://site.api.espn.com/apis/site/v2/sports/football/nfl/teams?limit=100"}
{"asctime": "2026-09-07 20:40:35,012", "levelname": "INFO", "name": "harness", "message": "seeded 761 teams from https://site.api.espn.com/apis/site/v2/sports/football/college-football/teams?limit=1000&groups=80"}
{"asctime": "2026-09-07 20:40:35,037", "levelname": "INFO", "name": "harness", "message": "manual aliases loaded: 28"}
 Container sports-harness-postgres-1  Running
added=0 unchanged=6 deactivated=0
name                    tier        variant_id    active
constrained             secondary   ff363c8ac08d  True
nfl_only                secondary   e549e693e117  True
no_velocity             secondary   64ba3ef09642  True
sharp_direct            primary     f259ca109084  True
sharp_plus_derived      secondary   49af716f8708  True
wide_band               secondary   c2bc45377328  True
[0;32m[DEPLOY][0m Starting services...
 Container sports-harness-postgres-1  Running
 Container sports-harness-app-serve-1  Recreate
 Container sports-harness-app-run-1  Recreate
 Container sports-harness-app-ws-1  Recreate
 Container sports-harness-app-run-1  Recreated
 Container sports-harness-app-ws-1  Recreated
 Container sports-harness-app-serve-1  Recreated
 Container sports-harness-postgres-1  Waiting
 Container sports-harness-postgres-1  Waiting
 Container sports-harness-postgres-1  Waiting
 Container sports-harness-postgres-1  Healthy
 Container sports-harness-app-serve-1  Starting
 Container sports-harness-postgres-1  Healthy
 Container sports-harness-app-run-1  Starting
 Container sports-harness-postgres-1  Healthy
 Container sports-harness-app-ws-1  Starting
 Container sports-harness-app-ws-1  Started
 Container sports-harness-app-run-1  Started
 Container sports-harness-app-serve-1  Started
[0;32m[DEPLOY][0m Done. Run: make status-nas
